@jaynil2626 ➜ /workspaces/FSD-2 (main) $ node
Welcome to Node.js v20.18.1.
Type ".help" for more information.
> 1+3
4
> x=2
2
> var y=3
undefined
> x+y
5
> console.log("hello")
hello
undefined
> repl.repl.ignoreUndefined=true
true
> console.log("hello")
hello
> 
(To exit, press Ctrl+C again or Ctrl+D or type .exit)
> 
@jaynil2626 ➜ /workspaces/FSD-2 (main) $ 





@jaynil2626 ➜ /workspaces/FSD-2 (main) $ node
Welcome to Node.js v20.18.1.
Type ".help" for more information.
> var x = 10
undefined
> y = 10
10
> z = _
10
> a = _ + y + _
30
> var p = 20
undefined
> q = _
undefined
> 
> var q = 0
undefined
> do{
... q++
... console.log(q)
... }
... while(q<10)
1
2
3
4
5
6
7
8
9
10
undefined
> 
> .editor
// Entering editor mode (Ctrl+D to finish, Ctrl+C to cancel)
 
> const fun = (a,b) =>{
... console.log("Hello");
... return a*b;
... }
undefined
> console.log("Multiplication is" + fun(5,10));
Hello
Multiplication is50
undefined



@jaynil2626 ➜ /workspaces/FSD-2 (main) $ node
Welcome to Node.js v20.18.1.
Type ".help" for more information.
> .save r1.js
Session saved to: r1.js
> x=10
10
> b-9
Uncaught ReferenceError: b is not defined
> b=9
9
> .save r1.js
Session saved to: r1.js
> .load r1.js
x=10
b=9
9
> .help
.break    Sometimes you get stuck, this gets you out
.clear    Alias for .break
.editor   Enter editor mode
.exit     Exit the REPL
.help     Print this help message
.load     Load JS from a file into the REPL session
.save     Save all evaluated commands in this REPL session to a file

Press Ctrl+C to abort current expression, Ctrl+D to exit the REPL
> 
(To exit, press Ctrl+C again or Ctrl+D or type .exit)
> 